/home/students/yli/git/cs571/morris_java/log/20151107_173211.log
  0 1 2 3 4 5 6
0 *-----*-----*
1 | *---*---* |
2 | | *-*-* | |
3 *-*-*   *-*-*
4 | | *-*-* | |
5 | *---*---*-|
6 *-----*-----*

player_1 X
drop
x = 2, y = 2
  0 1 2 3 4 5 6
0 *-----*-----*
1 | *---*---* |
2 | | X-*-* | |
3 *-*-*   *-*-*
4 | | *-*-* | |
5 | *---*---*-|
6 *-----*-----*

player_2 O
drop
x = 5, y = 3
  0 1 2 3 4 5 6
0 *-----*-----*
1 | *---*---* |
2 | | X-*-* | |
3 *-*-*   *-*-*
4 | | *-*-* | |
5 | *---O---*-|
6 *-----*-----*

player_1 X
drop
x = 1, y = 3
  0 1 2 3 4 5 6
0 *-----*-----*
1 | *---X---* |
2 | | X-*-* | |
3 *-*-*   *-*-*
4 | | *-*-* | |
5 | *---O---*-|
6 *-----*-----*

player_2 O
drop
x = 5, y = 1
  0 1 2 3 4 5 6
0 *-----*-----*
1 | *---X---* |
2 | | X-*-* | |
3 *-*-*   *-*-*
4 | | *-*-* | |
5 | O---O---*-|
6 *-----*-----*

player_1 X
drop
x = 5, y = 5
  0 1 2 3 4 5 6
0 *-----*-----*
1 | *---X---* |
2 | | X-*-* | |
3 *-*-*   *-*-*
4 | | *-*-* | |
5 | O---O---X-|
6 *-----*-----*

player_2 O
drop
x = 1, y = 1
  0 1 2 3 4 5 6
0 *-----*-----*
1 | O---X---* |
2 | | X-*-* | |
3 *-*-*   *-*-*
4 | | *-*-* | |
5 | O---O---X-|
6 *-----*-----*

player_1 X
drop
x = 2, y = 3
  0 1 2 3 4 5 6
0 *-----*-----*
1 | O---X---* |
2 | | X-X-* | |
3 *-*-*   *-*-*
4 | | *-*-* | |
5 | O---O---X-|
6 *-----*-----*

player_2 O
drop
x = 3, y = 1
  0 1 2 3 4 5 6
0 *-----*-----*
1 | O---X---* |
2 | | X-X-* | |
3 *-O-*   *-*-*
4 | | *-*-* | |
5 | O---O---X-|
6 *-----*-----*

player_2 O
new_mill
x = 2, y = 3
  0 1 2 3 4 5 6
0 *-----*-----*
1 | O---X---* |
2 | | X-*-* | |
3 *-O-*   *-*-*
4 | | *-*-* | |
5 | O---O---X-|
6 *-----*-----*

player_1 X
drop
x = 2, y = 3
  0 1 2 3 4 5 6
0 *-----*-----*
1 | O---X---* |
2 | | X-X-* | |
3 *-O-*   *-*-*
4 | | *-*-* | |
5 | O---O---X-|
6 *-----*-----*

player_2 O
drop
x = 2, y = 4
  0 1 2 3 4 5 6
0 *-----*-----*
1 | O---X---* |
2 | | X-X-O | |
3 *-O-*   *-*-*
4 | | *-*-* | |
5 | O---O---X-|
6 *-----*-----*

player_1 X
drop
x = 0, y = 3
  0 1 2 3 4 5 6
0 *-----X-----*
1 | O---X---* |
2 | | X-X-O | |
3 *-O-*   *-*-*
4 | | *-*-* | |
5 | O---O---X-|
6 *-----*-----*

player_1 X
new_mill
x = 2, y = 4
  0 1 2 3 4 5 6
0 *-----X-----*
1 | O---X---* |
2 | | X-X-* | |
3 *-O-*   *-*-*
4 | | *-*-* | |
5 | O---O---X-|
6 *-----*-----*

player_2 O
drop
x = 2, y = 4
  0 1 2 3 4 5 6
0 *-----X-----*
1 | O---X---* |
2 | | X-X-O | |
3 *-O-*   *-*-*
4 | | *-*-* | |
5 | O---O---X-|
6 *-----*-----*

player_1 X
drop
x = 3, y = 6
  0 1 2 3 4 5 6
0 *-----X-----*
1 | O---X---* |
2 | | X-X-O | |
3 *-O-*   *-*-X
4 | | *-*-* | |
5 | O---O---X-|
6 *-----*-----*

player_2 O
drop
x = 3, y = 0
  0 1 2 3 4 5 6
0 *-----X-----*
1 | O---X---* |
2 | | X-X-O | |
3 O-O-*   *-*-X
4 | | *-*-* | |
5 | O---O---X-|
6 *-----*-----*

player_1 X
drop
x = 3, y = 2
  0 1 2 3 4 5 6
0 *-----X-----*
1 | O---X---* |
2 | | X-X-O | |
3 O-O-X   *-*-X
4 | | *-*-* | |
5 | O---O---X-|
6 *-----*-----*

player_2 O
drop
x = 4, y = 2
  0 1 2 3 4 5 6
0 *-----X-----*
1 | O---X---* |
2 | | X-X-O | |
3 O-O-X   *-*-X
4 | | O-*-* | |
5 | O---O---X-|
6 *-----*-----*

player_1 X
drop
x = 3, y = 5
  0 1 2 3 4 5 6
0 *-----X-----*
1 | O---X---* |
2 | | X-X-O | |
3 O-O-X   *-X-X
4 | | O-*-* | |
5 | O---O---X-|
6 *-----*-----*

player_2 O
drop
x = 3, y = 4
  0 1 2 3 4 5 6
0 *-----X-----*
1 | O---X---* |
2 | | X-X-O | |
3 O-O-X   O-X-X
4 | | O-*-* | |
5 | O---O---X-|
6 *-----*-----*

player_1 X
move_1
x = 0, y = 3
  0 1 2 3 4 5 6
0 *-----X-----*
1 | O---X---* |
2 | | X-X-O | |
3 O-O-X   O-X-X
4 | | O-*-* | |
5 | O---O---X-|
6 *-----*-----*

player_1 X
move_2
[x = 0, y = 0, x = 0, y = 6]
x = 0, y = 0
  0 1 2 3 4 5 6
0 X-----*-----*
1 | O---X---* |
2 | | X-X-O | |
3 O-O-X   O-X-X
4 | | O-*-* | |
5 | O---O---X-|
6 *-----*-----*

player_2 O
move_1
x = 5, y = 3
  0 1 2 3 4 5 6
0 X-----*-----*
1 | O---X---* |
2 | | X-X-O | |
3 O-O-X   O-X-X
4 | | O-*-* | |
5 | O---O---X-|
6 *-----*-----*

player_2 O
move_2
[x = 6, y = 3, x = 4, y = 3]
x = 4, y = 3
  0 1 2 3 4 5 6
0 X-----*-----*
1 | O---X---* |
2 | | X-X-O | |
3 O-O-X   O-X-X
4 | | O-O-* | |
5 | O---*---X-|
6 *-----*-----*

player_1 X
move_1
x = 0, y = 0
  0 1 2 3 4 5 6
0 X-----*-----*
1 | O---X---* |
2 | | X-X-O | |
3 O-O-X   O-X-X
4 | | O-O-* | |
5 | O---*---X-|
6 *-----*-----*

player_1 X
move_2
[x = 0, y = 3]
x = 0, y = 3
  0 1 2 3 4 5 6
0 *-----X-----*
1 | O---X---* |
2 | | X-X-O | |
3 O-O-X   O-X-X
4 | | O-O-* | |
5 | O---*---X-|
6 *-----*-----*

player_1 X
new_mill
x = 3, y = 4
  0 1 2 3 4 5 6
0 *-----X-----*
1 | O---X---* |
2 | | X-X-O | |
3 O-O-X   *-X-X
4 | | O-O-* | |
5 | O---*---X-|
6 *-----*-----*

player_2 O
move_1
x = 5, y = 1
  0 1 2 3 4 5 6
0 *-----X-----*
1 | O---X---* |
2 | | X-X-O | |
3 O-O-X   *-X-X
4 | | O-O-* | |
5 | O---*---X-|
6 *-----*-----*

player_2 O
move_2
[x = 5, y = 3]
x = 5, y = 3
  0 1 2 3 4 5 6
0 *-----X-----*
1 | O---X---* |
2 | | X-X-O | |
3 O-O-X   *-X-X
4 | | O-O-* | |
5 | *---O---X-|
6 *-----*-----*

player_1 X
move_1
x = 1, y = 3
  0 1 2 3 4 5 6
0 *-----X-----*
1 | O---X---* |
2 | | X-X-O | |
3 O-O-X   *-X-X
4 | | O-O-* | |
5 | *---O---X-|
6 *-----*-----*

player_1 X
move_2
[x = 1, y = 5]
x = 1, y = 5
  0 1 2 3 4 5 6
0 *-----X-----*
1 | O---*---X |
2 | | X-X-O | |
3 O-O-X   *-X-X
4 | | O-O-* | |
5 | *---O---X-|
6 *-----*-----*

player_1 X
new_mill
x = 1, y = 1
  0 1 2 3 4 5 6
0 *-----X-----*
1 | *---*---X |
2 | | X-X-O | |
3 O-O-X   *-X-X
4 | | O-O-* | |
5 | *---O---X-|
6 *-----*-----*

player_2 O
move_1
x = 4, y = 3
  0 1 2 3 4 5 6
0 *-----X-----*
1 | *---*---X |
2 | | X-X-O | |
3 O-O-X   *-X-X
4 | | O-O-* | |
5 | *---O---X-|
6 *-----*-----*

player_2 O
move_2
[x = 4, y = 4]
x = 4, y = 4
  0 1 2 3 4 5 6
0 *-----X-----*
1 | *---*---X |
2 | | X-X-O | |
3 O-O-X   *-X-X
4 | | O-*-O | |
5 | *---O---X-|
6 *-----*-----*

player_1 X
move_1
x = 1, y = 5
  0 1 2 3 4 5 6
0 *-----X-----*
1 | *---*---X |
2 | | X-X-O | |
3 O-O-X   *-X-X
4 | | O-*-O | |
5 | *---O---X-|
6 *-----*-----*

player_1 X
move_2
[x = 1, y = 3]
x = 1, y = 3
  0 1 2 3 4 5 6
0 *-----X-----*
1 | *---X---* |
2 | | X-X-O | |
3 O-O-X   *-X-X
4 | | O-*-O | |
5 | *---O---X-|
6 *-----*-----*

player_1 X
new_mill
x = 5, y = 3
  0 1 2 3 4 5 6
0 *-----X-----*
1 | *---X---* |
2 | | X-X-O | |
3 O-O-X   *-X-X
4 | | O-*-O | |
5 | *---*---X-|
6 *-----*-----*

player_2 O
move_1
x = 3, y = 1
  0 1 2 3 4 5 6
0 *-----X-----*
1 | *---X---* |
2 | | X-X-O | |
3 O-O-X   *-X-X
4 | | O-*-O | |
5 | *---*---X-|
6 *-----*-----*

player_2 O
move_2
[x = 5, y = 1, x = 1, y = 1]
x = 1, y = 1
  0 1 2 3 4 5 6
0 *-----X-----*
1 | O---X---* |
2 | | X-X-O | |
3 O-*-X   *-X-X
4 | | O-*-O | |
5 | *---*---X-|
6 *-----*-----*

player_1 X
move_1
x = 1, y = 3
  0 1 2 3 4 5 6
0 *-----X-----*
1 | O---X---* |
2 | | X-X-O | |
3 O-*-X   *-X-X
4 | | O-*-O | |
5 | *---*---X-|
6 *-----*-----*

player_1 X
move_2
[x = 1, y = 5]
x = 1, y = 5
  0 1 2 3 4 5 6
0 *-----X-----*
1 | O---*---X |
2 | | X-X-O | |
3 O-*-X   *-X-X
4 | | O-*-O | |
5 | *---*---X-|
6 *-----*-----*

player_1 X
new_mill
x = 1, y = 1
  0 1 2 3 4 5 6
0 *-----X-----*
1 | *---*---X |
2 | | X-X-O | |
3 O-*-X   *-X-X
4 | | O-*-O | |
5 | *---*---X-|
6 *-----*-----*

player_2 O
move_1
x = 2, y = 4
  0 1 2 3 4 5 6
0 *-----X-----*
1 | *---*---X |
2 | | X-X-O | |
3 O-*-X   *-X-X
4 | | O-*-O | |
5 | *---*---X-|
6 *-----*-----*

player_2 O
move_2
[x = 3, y = 4]
x = 3, y = 4
  0 1 2 3 4 5 6
0 *-----X-----*
1 | *---*---X |
2 | | X-X-* | |
3 O-*-X   O-X-X
4 | | O-*-O | |
5 | *---*---X-|
6 *-----*-----*

player_1 X
move_1
x = 1, y = 5
  0 1 2 3 4 5 6
0 *-----X-----*
1 | *---*---X |
2 | | X-X-* | |
3 O-*-X   O-X-X
4 | | O-*-O | |
5 | *---*---X-|
6 *-----*-----*

player_1 X
move_2
[x = 1, y = 3]
x = 1, y = 3
  0 1 2 3 4 5 6
0 *-----X-----*
1 | *---X---* |
2 | | X-X-* | |
3 O-*-X   O-X-X
4 | | O-*-O | |
5 | *---*---X-|
6 *-----*-----*

player_1 X
new_mill
x = 3, y = 4
  0 1 2 3 4 5 6
0 *-----X-----*
1 | *---X---* |
2 | | X-X-* | |
3 O-*-X   *-X-X
4 | | O-*-O | |
5 | *---*---X-|
6 *-----*-----*

player_2 O
fly_1
x = 3, y = 0
  0 1 2 3 4 5 6
0 *-----X-----*
1 | *---X---* |
2 | | X-X-* | |
3 O-*-X   *-X-X
4 | | O-*-O | |
5 | *---*---X-|
6 *-----*-----*

player_2 O
fly_2
[x = 0, y = 0, x = 0, y = 6, x = 1, y = 1, x = 1, y = 5, x = 2, y = 4, x = 3, y = 1, x = 3, y = 4, x = 4, y = 3, x = 5, y = 1, x = 5, y = 3, x = 6, y = 0, x = 6, y = 3, x = 6, y = 6]
x = 4, y = 3
  0 1 2 3 4 5 6
0 *-----X-----*
1 | *---X---* |
2 | | X-X-* | |
3 *-*-X   *-X-X
4 | | O-O-O | |
5 | *---*---X-|
6 *-----*-----*

player_2 O
new_mill
x = 5, y = 5
  0 1 2 3 4 5 6
0 *-----X-----*
1 | *---X---* |
2 | | X-X-* | |
3 *-*-X   *-X-X
4 | | O-O-O | |
5 | *---*---*-|
6 *-----*-----*

player_1 X
move_1
x = 3, y = 5
  0 1 2 3 4 5 6
0 *-----X-----*
1 | *---X---* |
2 | | X-X-* | |
3 *-*-X   *-X-X
4 | | O-O-O | |
5 | *---*---*-|
6 *-----*-----*

player_1 X
move_2
[x = 5, y = 5, x = 1, y = 5, x = 3, y = 4]
x = 3, y = 4
  0 1 2 3 4 5 6
0 *-----X-----*
1 | *---X---* |
2 | | X-X-* | |
3 *-*-X   X-*-X
4 | | O-O-O | |
5 | *---*---*-|
6 *-----*-----*

player_2 O
fly_1
x = 4, y = 3
  0 1 2 3 4 5 6
0 *-----X-----*
1 | *---X---* |
2 | | X-X-* | |
3 *-*-X   X-*-X
4 | | O-O-O | |
5 | *---*---*-|
6 *-----*-----*

player_2 O
fly_2
[x = 0, y = 0, x = 0, y = 6, x = 1, y = 1, x = 1, y = 5, x = 2, y = 4, x = 3, y = 0, x = 3, y = 1, x = 3, y = 5, x = 5, y = 1, x = 5, y = 3, x = 5, y = 5, x = 6, y = 0, x = 6, y = 3, x = 6, y = 6]
x = 2, y = 4
  0 1 2 3 4 5 6
0 *-----X-----*
1 | *---X---* |
2 | | X-X-O | |
3 *-*-X   X-*-X
4 | | O-*-O | |
5 | *---*---*-|
6 *-----*-----*

player_1 X
move_1
x = 1, y = 3
  0 1 2 3 4 5 6
0 *-----X-----*
1 | *---X---* |
2 | | X-X-O | |
3 *-*-X   X-*-X
4 | | O-*-O | |
5 | *---*---*-|
6 *-----*-----*

player_1 X
move_2
[x = 1, y = 1, x = 1, y = 5]
x = 1, y = 5
  0 1 2 3 4 5 6
0 *-----X-----*
1 | *---*---X |
2 | | X-X-O | |
3 *-*-X   X-*-X
4 | | O-*-O | |
5 | *---*---*-|
6 *-----*-----*

player_2 O
fly_1
x = 2, y = 4
  0 1 2 3 4 5 6
0 *-----X-----*
1 | *---*---X |
2 | | X-X-O | |
3 *-*-X   X-*-X
4 | | O-*-O | |
5 | *---*---*-|
6 *-----*-----*

player_2 O
fly_2
[x = 0, y = 0, x = 0, y = 6, x = 1, y = 1, x = 1, y = 3, x = 3, y = 0, x = 3, y = 1, x = 3, y = 5, x = 4, y = 3, x = 5, y = 1, x = 5, y = 3, x = 5, y = 5, x = 6, y = 0, x = 6, y = 3, x = 6, y = 6]
x = 4, y = 3
  0 1 2 3 4 5 6
0 *-----X-----*
1 | *---*---X |
2 | | X-X-* | |
3 *-*-X   X-*-X
4 | | O-O-O | |
5 | *---*---*-|
6 *-----*-----*

player_2 O
new_mill
x = 2, y = 3
  0 1 2 3 4 5 6
0 *-----X-----*
1 | *---*---X |
2 | | X-*-* | |
3 *-*-X   X-*-X
4 | | O-O-O | |
5 | *---*---*-|
6 *-----*-----*

player_1 X
move_1
x = 1, y = 5
  0 1 2 3 4 5 6
0 *-----X-----*
1 | *---*---X |
2 | | X-*-* | |
3 *-*-X   X-*-X
4 | | O-O-O | |
5 | *---*---*-|
6 *-----*-----*

player_1 X
move_2
[x = 3, y = 5, x = 1, y = 3]
x = 3, y = 5
  0 1 2 3 4 5 6
0 *-----X-----*
1 | *---*---* |
2 | | X-*-* | |
3 *-*-X   X-X-X
4 | | O-O-O | |
5 | *---*---*-|
6 *-----*-----*

player_1 X
new_mill
x = 4, y = 2
  0 1 2 3 4 5 6
0 *-----X-----*
1 | *---*---* |
2 | | X-*-* | |
3 *-*-X   X-X-X
4 | | *-O-O | |
5 | *---*---*-|
6 *-----*-----*

player_1_win
